// Jest Snapshot v1, https://goo.gl/fbAQLP

exports[`Should Button to match snapshot 1`] = `
<button
  className="button "
  onClick={[MockFunction]}
  type="button"
/>
`;
